src/cli/index.ts(3778,47): error TS2551: Property 'black' does not exist on type '{ reset: string; bold: string; dim: string; italic: string; underline: string; inverse: string; strikethrough: string; cyan: string; green: string; yellow: string; red: string; magenta: string; blue: string; ... 17 more ...; bgWhite: string; }'. Did you mean 'bgBlack'?
src/core/Agent.ts(1904,55): error TS2339: Property 'searchContacts' does not exist on type 'WhatsAppChannel'.
